   Compiling fluent-core v0.1.0 (/Users/n/RustroverProjects/fluent_cli/crates/fluent-core)
   Compiling fluent-engines v0.1.0 (/Users/n/RustroverProjects/fluent_cli/crates/fluent-engines)
    Finished `test` profile [unoptimized + debuginfo] target(s) in 14.39s
     Running unittests src/lib.rs (target/debug/deps/fluent_engines-d0e2cb88367ff13a)

running 17 tests
test cache_manager::cache_manager_tests::comprehensive_cache_tests::test_cache_manager_creation ... ok
test cache_manager::cache_manager_tests::comprehensive_cache_tests::test_cache_manager_enabled_check ... ok
test cache_manager::cache_manager_tests::comprehensive_cache_tests::test_cache_key_sensitivity ... ok
test cache_manager::cache_manager_tests::comprehensive_cache_tests::test_cache_key_consistency ... ok
test cache_manager::cache_manager_tests::comprehensive_cache_tests::test_cache_key_generation ... ok
test cache_manager::cache_manager_tests::comprehensive_cache_tests::test_cache_operations_disabled ... ok
test cache_manager::tests::test_cache_manager_creation ... ok

thread 'cache_manager::cache_manager_tests::comprehensive_cache_tests::test_cache_error_handling' panicked at crates/fluent-engines/src/cache_manager_tests.rs:357:9:
assertion failed: result.is_ok()
note: run with `RUST_BACKTRACE=1` environment variable to display a backtrace
test cache_manager::cache_manager_tests::comprehensive_cache_tests::test_cache_error_handling ... FAILED
test cache_manager::cache_manager_tests::comprehensive_cache_tests::test_cache_operations_different_models ... ok
test cache_manager::cache_manager_tests::comprehensive_cache_tests::test_cache_operations_basic ... ok
test cache_manager::tests::test_cache_operations ... ok

thread 'cache_manager::cache_manager_tests::comprehensive_cache_tests::test_cache_operations_different_engines' panicked at crates/fluent-engines/src/cache_manager_tests.rs:175:9:
assertion failed: cached_engine1.is_some()

thread 'cache_manager::cache_manager_tests::comprehensive_cache_tests::test_cache_operations_with_parameters' panicked at crates/fluent-engines/src/cache_manager_tests.rs:137:9:
assertion failed: cached.is_some()

thread 'cache_manager::cache_manager_tests::comprehensive_cache_tests::test_cache_multiple_engines' panicked at crates/fluent-engines/src/cache_manager_tests.rs:332:13:
assertion failed: cached.is_some()

thread 'cache_manager::cache_manager_tests::comprehensive_cache_tests::test_global_cache_functions' panicked at crates/fluent-engines/src/cache_manager_tests.rs:290:9:
assertion failed: cached.is_some()
test cache_manager::cache_manager_tests::comprehensive_cache_tests::test_global_cache_functions ... FAILED

thread 'cache_manager::cache_manager_tests::comprehensive_cache_tests::test_concurrent_cache_operations' panicked at crates/fluent-engines/src/cache_manager_tests.rs:454:9:
assertion `left == right` failed
  left: 1
 right: 10
test cache_manager::cache_manager_tests::comprehensive_cache_tests::test_cache_operations_different_engines ... FAILED
test cache_manager::cache_manager_tests::comprehensive_cache_tests::test_cache_multiple_engines ... FAILED
test cache_manager::cache_manager_tests::comprehensive_cache_tests::test_cache_operations_with_parameters ... FAILED
test cache_manager::cache_manager_tests::comprehensive_cache_tests::test_concurrent_cache_operations ... FAILED
test cache_manager::cache_manager_tests::comprehensive_cache_tests::test_cache_entry_expiration ... ok

failures:

failures:
    cache_manager::cache_manager_tests::comprehensive_cache_tests::test_cache_error_handling
    cache_manager::cache_manager_tests::comprehensive_cache_tests::test_cache_multiple_engines
    cache_manager::cache_manager_tests::comprehensive_cache_tests::test_cache_operations_different_engines
    cache_manager::cache_manager_tests::comprehensive_cache_tests::test_cache_operations_with_parameters
    cache_manager::cache_manager_tests::comprehensive_cache_tests::test_concurrent_cache_operations
    cache_manager::cache_manager_tests::comprehensive_cache_tests::test_global_cache_functions

test result: FAILED. 11 passed; 6 failed; 0 ignored; 0 measured; 192 filtered out; finished in 2.01s

error: test failed, to rerun pass `-p fluent-engines --lib`
